[sokruta.com.ua/en.html]
[sokruta.com.ua/themes/classic/static/main.css]
[backblue.gif]
[fade.gif]
[index.html]
[sokruta.com.ua/themes/classic/static/main.js]
[sokruta.com.ua/favicon.png]
[sokruta.com.ua/themes/classic/img/logo-preloader.png]
[sokruta.com.ua/index.html]
[sokruta.com.ua/en/about.html]
[sokruta.com.ua/en/projects.html]
[sokruta.com.ua/en/services.html]
[sokruta.com.ua/en/calculator.html]
[sokruta.com.ua/en/partners.html]
[sokruta.com.ua/en/blog.html]
[sokruta.com.ua/en/contacts.html]
[sokruta.com.ua/en/consultation.html]
[sokruta.com.ua/uploads/thumb/0/projects_gallery/8-1920x1080-1.jpg]
[sokruta.com.ua/uploads/thumb/0/projects_gallery/378-Untitled-1.jpg]
[sokruta.com.ua/uploads/thumb/0/projects_gallery/463-001.jpg]
[sokruta.com.ua/uploads/thumb/0/projects_gallery/392-252.jpg]
[sokruta.com.ua/uploads/thumb/0/projects_gallery/393-2585.jpg]
[sokruta.com.ua/themes/classic/img/logo.jpg]
[sokruta.com.ua/uploads/thumb/0/home_photo1/449-14-11-20 105.jpg]
[sokruta.com.ua/uploads/0/12-b-img3.jpg]
[sokruta.com.ua/themes/classic/img/logo2.png]
[sokruta.com.ua/themes/classic/js/start.js]
[sokruta.com.ua/themes/classic/js/jssocials.min.js]
[sokruta.com.ua/en.html]
[sokruta.com.ua/themes/classic/img/icons-s38dcd512ab.png]
[sokruta.com.ua/themes/classic/font/futurademic.eot]
[sokruta.com.ua/themes/classic/font/futurademic.woff]
[sokruta.com.ua/themes/classic/font/futurademic.ttf]
[sokruta.com.ua/themes/classic/font/roboto-regular.eot]
[sokruta.com.ua/themes/classic/font/roboto-regular.woff]
[sokruta.com.ua/themes/classic/font/roboto-regular.ttf]
[sokruta.com.ua/themes/classic/img/line.jpg]
[sokruta.com.ua/themes/classic/img/b-img2.jpg]
[sokruta.com.ua/themes/classic/img/b-img3.jpg]
[sokruta.com.ua/themes/classic/img/select2.png]
[sokruta.com.ua/themes/classic/img/loading.gif]
[sokruta.com.ua/themes/classic/img/320x553.jpg]
[sokruta.com.ua/themes/classic/static/ribbons/awwwards_sotd_black.png]
[sokruta.com.ua/themes/classic/static/ribbons/awwwards_sotd_silver.png]
[sokruta.com.ua/themes/classic/static/ribbons/awwwards_sotd_white.png]
[sokruta.com.ua/themes/classic/static/ribbons/awwwards_sotd_green.png]
[sokruta.com.ua/themes/classic/static/ribbons/awwwards_sotd_black@2x.png]
[sokruta.com.ua/themes/classic/static/ribbons/awwwards_sotd_silver@2x.png]
[sokruta.com.ua/themes/classic/static/ribbons/awwwards_sotd_white@2x.png]
[sokruta.com.ua/themes/classic/static/ribbons/awwwards_sotd_green@2x.png]
[sokruta.com.ua/themes/classic/img/body-bg-new.jpg]
[sokruta.com.ua/themes/classic/img/fancybox_loading.gif]
[sokruta.com.ua/themes/classic/img/fancybox_overlay.png]
[sokruta.com.ua/themes/classic/img/fancybox_sprite@2x.png]
[sokruta.com.ua/themes/classic/img/fancybox_loading@2x.gif]
[sokruta.com.ua/themes/classic/static/main.css]
[sokruta.com.ua/about.html]
[sokruta.com.ua/projects.html]
[sokruta.com.ua/services.html]
[sokruta.com.ua/calculator.html]
[sokruta.com.ua/partners.html]
[sokruta.com.ua/blog.html]
[sokruta.com.ua/contacts.html]
[sokruta.com.ua/consultation.html]
[sokruta.com.ua/index.html]
[sokruta.com.ua/themes/classic/img/a-img1.png]
[sokruta.com.ua/uploads/thumb/0/about_image1/26-g-img1.jpg]
[sokruta.com.ua/uploads/thumb/0/about_image2/27-g-img2.jpg]
[sokruta.com.ua/uploads/thumb/0/about_team/16-g-img3.jpg]
[sokruta.com.ua/uploads/thumb/0/about_image3/28-g-img6.jpg]
[sokruta.com.ua/uploads/thumb/0/about_award/19-g-img7.jpg]
[sokruta.com.ua/uploads/thumb/0/about_award/21-g-img9.jpg]
[sokruta.com.ua/en/about.html]
[sokruta.com.ua/en/projects/36.html]
[sokruta.com.ua/uploads/thumb/0/projects_list/563-11 (1).jpg]
[sokruta.com.ua/en/projects/35.html]
[sokruta.com.ua/uploads/thumb/0/projects_list/548-U_02.jpg]
[sokruta.com.ua/en/projects/34.html]
[sokruta.com.ua/uploads/thumb/0/projects_list/539-S_04.jpg]
[sokruta.com.ua/en/projects/33.html]
[sokruta.com.ua/uploads/thumb/0/projects_list/531-R_01.jpg]
[sokruta.com.ua/en/projects/32.html]
[sokruta.com.ua/uploads/thumb/0/projects_list/514-01.jpg]
[sokruta.com.ua/en/projects/31.html]
[sokruta.com.ua/uploads/thumb/0/projects_list/523-V_02.jpg]
[sokruta.com.ua/en/projects/30.html]
[sokruta.com.ua/uploads/thumb/0/projects_list/466-001.jpg]
[sokruta.com.ua/en/projects/29.html]
[sokruta.com.ua/uploads/thumb/0/projects_list/439-14-04-23 134.jpg]
[sokruta.com.ua/en/projects/27.html]
[sokruta.com.ua/uploads/thumb/0/projects_list/319-0007.jpg]
[sokruta.com.ua/en/projects/25.html]
[sokruta.com.ua/uploads/thumb/0/projects_list/293-Gostinnaya_009.jpg]
[sokruta.com.ua/en/projects/24.html]
[sokruta.com.ua/uploads/thumb/0/projects_list/274-G_0012.jpg]
[sokruta.com.ua/en/projects/23.html]
[sokruta.com.ua/uploads/thumb/0/projects_list/270-QQW_16.jpg]
[sokruta.com.ua/en/projects/22.html]
[sokruta.com.ua/uploads/thumb/0/projects_list/252-K_006.jpg]
[sokruta.com.ua/en/projects/21.html]
[sokruta.com.ua/uploads/thumb/0/projects_list/251-QW_01.jpg]
[sokruta.com.ua/en/projects/20.html]
[sokruta.com.ua/uploads/thumb/0/projects_list/411-14-11-20 059.jpg]
[sokruta.com.ua/en/projects/19.html]
[sokruta.com.ua/uploads/thumb/0/projects_list/228-KV_009.jpg]
[sokruta.com.ua/en/projects/18.html]
[sokruta.com.ua/uploads/thumb/0/projects_list/208-BG_02.jpg]
[sokruta.com.ua/en/projects/17.html]
[sokruta.com.ua/uploads/thumb/0/projects_list/205-01.jpg]
[sokruta.com.ua/en/projects/15.html]
[sokruta.com.ua/uploads/thumb/0/projects_list/165-G_01.jpg]
[sokruta.com.ua/en/projects/14.html]
[sokruta.com.ua/uploads/thumb/0/projects_list/424-14-10-31 062.jpg]
[sokruta.com.ua/en/projects/12.html]
[sokruta.com.ua/uploads/thumb/0/projects_list/141-WC_02.jpg]
[sokruta.com.ua/en/projects/10.html]
[sokruta.com.ua/uploads/thumb/0/projects_list/116-01_Print.jpg]
[sokruta.com.ua/en/projects/7.html]
[sokruta.com.ua/uploads/thumb/0/projects_list/87-Gostinnaya_01.jpg]
[sokruta.com.ua/en/projects.html]
[sokruta.com.ua/themes/classic/img/calc-icon.jpg]
[sokruta.com.ua/uploads/thumb/0/services_photo1/37-a-img1.jpg]
[sokruta.com.ua/uploads/thumb/0/services_photo2/38-a-img2.jpg]
[sokruta.com.ua/en/services.html]
[sokruta.com.ua/en/calculator.html]
[sokruta.com.ua/uploads/0/385-part1.jpg]
[sokruta.com.ua/uploads/0/386-part2.jpg]
[sokruta.com.ua/en/partners.html]
[sokruta.com.ua/en/blog/7.html]
[sokruta.com.ua/uploads/thumb/0/blog_list/454-zakazat-dizayn-interyera-kvartir-kiev.jpg]
[sokruta.com.ua/en/blog/2.html]
[sokruta.com.ua/uploads/thumb/0/blog_list/462-FB_2.jpg]
[sokruta.com.ua/en/blog/1.html]
[sokruta.com.ua/uploads/thumb/0/blog_list/580-Image_1.jpg]
[sokruta.com.ua/en/blog.html]
[sokruta.com.ua/themes/classic/js/infobox.js]
[sokruta.com.ua/themes/classic/img/icons/marker.png]
[sokruta.com.ua/en/contacts.html]
[sokruta.com.ua/uploads/thumb/0/home_photo1/464-b-img2.jpg]
[sokruta.com.ua/uploads/thumb/0/home_photo1/465-b-img2.jpg]
[sokruta.com.ua/uploads/thumb/0/home_photo1/383-a-img2.jpg]
[sokruta.com.ua/en/consultation.html]
[sokruta.com.ua/themes/classic/static/owl.video.play.html]
[sokruta.com.ua/themes/classic/img/blank.html]
[sokruta.com.ua/about.html]
[sokruta.com.ua/projects/36.html]
[sokruta.com.ua/projects/35.html]
[sokruta.com.ua/projects/34.html]
[sokruta.com.ua/projects/33.html]
[sokruta.com.ua/projects/32.html]
[sokruta.com.ua/projects/31.html]
[sokruta.com.ua/projects/30.html]
[sokruta.com.ua/projects/29.html]
[sokruta.com.ua/projects/27.html]
[sokruta.com.ua/projects/25.html]
[sokruta.com.ua/projects/24.html]
[sokruta.com.ua/projects/23.html]
[sokruta.com.ua/projects/22.html]
[sokruta.com.ua/projects/21.html]
[sokruta.com.ua/projects/20.html]
[sokruta.com.ua/projects/19.html]
[sokruta.com.ua/projects/18.html]
[sokruta.com.ua/projects/17.html]
[sokruta.com.ua/projects/15.html]
[sokruta.com.ua/projects/14.html]
[sokruta.com.ua/projects/12.html]
[sokruta.com.ua/projects/10.html]
[sokruta.com.ua/projects/7.html]
[sokruta.com.ua/projects.html]
[sokruta.com.ua/services.html]
[sokruta.com.ua/calculator.html]
[sokruta.com.ua/partners.html]
[sokruta.com.ua/blog/7.html]
[sokruta.com.ua/blog/2.html]
[sokruta.com.ua/blog/1.html]
[sokruta.com.ua/blog.html]
[sokruta.com.ua/contacts.html]
[sokruta.com.ua/consultation.html]
[sokruta.com.ua/uploads/thumb/0/projects_gallery/563-11 (1).jpg]
[sokruta.com.ua/uploads/thumb/0/projects_gallery/564-1.jpg]
[sokruta.com.ua/uploads/thumb/0/projects_gallery/565-8.jpg]
[sokruta.com.ua/uploads/thumb/0/projects_gallery/566-7.jpg]
[sokruta.com.ua/uploads/thumb/0/projects_gallery/567-2.jpg]
[sokruta.com.ua/uploads/thumb/0/projects_gallery/568-3.jpg]
[sokruta.com.ua/uploads/thumb/0/projects_gallery/569-5.jpg]
[sokruta.com.ua/uploads/thumb/0/projects_gallery/570-6.jpg]
[sokruta.com.ua/uploads/thumb/0/projects_gallery/571-9.jpg]
[sokruta.com.ua/en/projects/details/36.html]
[sokruta.com.ua/en/projects/36.html]
[sokruta.com.ua/uploads/thumb/0/projects_gallery/548-U_02.jpg]
[sokruta.com.ua/uploads/thumb/0/projects_gallery/549-U_04.jpg]
[sokruta.com.ua/uploads/thumb/0/projects_gallery/550-U_05.jpg]
[sokruta.com.ua/uploads/thumb/0/projects_gallery/551-U_06.jpg]
[sokruta.com.ua/uploads/thumb/0/projects_gallery/552-U_08.jpg]
[sokruta.com.ua/uploads/thumb/0/projects_gallery/553-U_09.jpg]
[sokruta.com.ua/uploads/thumb/0/projects_gallery/554-U_10.jpg]
[sokruta.com.ua/uploads/thumb/0/projects_gallery/555-U_19.jpg]
[sokruta.com.ua/uploads/thumb/0/projects_gallery/556-U_22.jpg]
[sokruta.com.ua/en/projects/details/35.html]
[sokruta.com.ua/en/projects/35.html]
[sokruta.com.ua/uploads/thumb/0/projects_gallery/539-S_04.jpg]
[sokruta.com.ua/uploads/thumb/0/projects_gallery/540-S_02.jpg]
[sokruta.com.ua/uploads/thumb/0/projects_gallery/541-S_03.jpg]
[sokruta.com.ua/uploads/thumb/0/projects_gallery/542-S_05.jpg]
[sokruta.com.ua/uploads/thumb/0/projects_gallery/543-S_06.jpg]
[sokruta.com.ua/uploads/thumb/0/projects_gallery/544-S_07.jpg]
[sokruta.com.ua/uploads/thumb/0/projects_gallery/545-S_08.jpg]
[sokruta.com.ua/uploads/thumb/0/projects_gallery/546-S_10.jpg]
[sokruta.com.ua/uploads/thumb/0/projects_gallery/547-S_13.jpg]
[sokruta.com.ua/en/projects/details/34.html]
[sokruta.com.ua/en/projects/34.html]
[sokruta.com.ua/uploads/thumb/0/projects_gallery/531-R_01.jpg]
[sokruta.com.ua/uploads/thumb/0/projects_gallery/532-R_02.jpg]
[sokruta.com.ua/uploads/thumb/0/projects_gallery/533-R_03.jpg]
[sokruta.com.ua/uploads/thumb/0/projects_gallery/534-R_04.jpg]
[sokruta.com.ua/uploads/thumb/0/projects_gallery/535-R_05.jpg]
[sokruta.com.ua/uploads/thumb/0/projects_gallery/536-R_06.jpg]
[sokruta.com.ua/uploads/thumb/0/projects_gallery/537-R_07.jpg]
[sokruta.com.ua/uploads/thumb/0/projects_gallery/538-R_08.jpg]
[sokruta.com.ua/en/projects/details/33.html]
[sokruta.com.ua/en/projects/33.html]
[sokruta.com.ua/uploads/thumb/0/projects_gallery/514-01.jpg]
[sokruta.com.ua/uploads/thumb/0/projects_gallery/515-02.jpg]
[sokruta.com.ua/uploads/thumb/0/projects_gallery/516-03.jpg]
[sokruta.com.ua/uploads/thumb/0/projects_gallery/517-04.jpg]
[sokruta.com.ua/uploads/thumb/0/projects_gallery/518-05.jpg]
[sokruta.com.ua/uploads/thumb/0/projects_gallery/519-06.jpg]
[sokruta.com.ua/uploads/thumb/0/projects_gallery/520-07.jpg]
[sokruta.com.ua/uploads/thumb/0/projects_gallery/521-08.jpg]
[sokruta.com.ua/uploads/thumb/0/projects_gallery/522-09.jpg]
[sokruta.com.ua/en/projects/details/32.html]
[sokruta.com.ua/en/projects/32.html]
[sokruta.com.ua/uploads/thumb/0/projects_gallery/523-V_02.jpg]
[sokruta.com.ua/uploads/thumb/0/projects_gallery/524-V_03.jpg]
[sokruta.com.ua/uploads/thumb/0/projects_gallery/525-V_04.jpg]
[sokruta.com.ua/uploads/thumb/0/projects_gallery/526-V_05.jpg]
[sokruta.com.ua/uploads/thumb/0/projects_gallery/527-V_06.jpg]
[sokruta.com.ua/uploads/thumb/0/projects_gallery/528-V_07.jpg]
[sokruta.com.ua/uploads/thumb/0/projects_gallery/529-V_08.jpg]
[sokruta.com.ua/uploads/thumb/0/projects_gallery/530-V_09.jpg]
[sokruta.com.ua/en/projects/details/31.html]
[sokruta.com.ua/en/projects/31.html]
[sokruta.com.ua/uploads/thumb/0/projects_gallery/466-001.jpg]
[sokruta.com.ua/uploads/thumb/0/projects_gallery/468-002.jpg]
[sokruta.com.ua/uploads/thumb/0/projects_gallery/469-003.jpg]
[sokruta.com.ua/uploads/thumb/0/projects_gallery/470-004.jpg]
[sokruta.com.ua/uploads/thumb/0/projects_gallery/471-005.jpg]
[sokruta.com.ua/uploads/thumb/0/projects_gallery/472-006.jpg]
[sokruta.com.ua/uploads/thumb/0/projects_gallery/473-007.jpg]
[sokruta.com.ua/uploads/thumb/0/projects_gallery/474-008.jpg]
[sokruta.com.ua/uploads/thumb/0/projects_gallery/475-009.jpg]
[sokruta.com.ua/en/projects/details/30.html]
[sokruta.com.ua/en/projects/30.html]
[sokruta.com.ua/uploads/thumb/0/projects_gallery/439-14-04-23 134.jpg]
[sokruta.com.ua/uploads/thumb/0/projects_gallery/335-2.jpg]
[sokruta.com.ua/uploads/thumb/0/projects_gallery/436-14-04-23 113.jpg]
[sokruta.com.ua/uploads/thumb/0/projects_gallery/337-4.jpg]
[sokruta.com.ua/uploads/thumb/0/projects_gallery/338-5.jpg]
[sokruta.com.ua/uploads/thumb/0/projects_gallery/437-14-04-23 062.jpg]
[sokruta.com.ua/uploads/thumb/0/projects_gallery/340-7.jpg]
[sokruta.com.ua/uploads/thumb/0/projects_gallery/341-8.jpg]
[sokruta.com.ua/uploads/thumb/0/projects_gallery/438-58.jpg]
[sokruta.com.ua/en/projects/details/29.html]
[sokruta.com.ua/en/projects/29.html]
[sokruta.com.ua/uploads/thumb/0/projects_gallery/319-0007.jpg]
[sokruta.com.ua/uploads/thumb/0/projects_gallery/320-0001.jpg]
[sokruta.com.ua/uploads/thumb/0/projects_gallery/321-0002.jpg]
[sokruta.com.ua/uploads/thumb/0/projects_gallery/322-0003.jpg]
[sokruta.com.ua/uploads/thumb/0/projects_gallery/323-0004.jpg]
[sokruta.com.ua/uploads/thumb/0/projects_gallery/324-0005.jpg]
[sokruta.com.ua/uploads/thumb/0/projects_gallery/325-0006.jpg]
[sokruta.com.ua/uploads/thumb/0/projects_gallery/326-0008.jpg]
[sokruta.com.ua/uploads/thumb/0/projects_gallery/327-0009.jpg]
[sokruta.com.ua/uploads/thumb/0/projects_gallery/328-00010.jpg]
[sokruta.com.ua/en/projects/27.html]
[sokruta.com.ua/en/projects/details/27.html]
[sokruta.com.ua/uploads/thumb/0/projects_gallery/293-Gostinnaya_009.jpg]
[sokruta.com.ua/uploads/thumb/0/projects_gallery/294-BED_H_01.jpg]
[sokruta.com.ua/uploads/thumb/0/projects_gallery/295-K_01.jpg]
[sokruta.com.ua/uploads/thumb/0/projects_gallery/296-Gostinnaya_008.jpg]
[sokruta.com.ua/uploads/thumb/0/projects_gallery/309-Gostinnaya_003.jpg]
[sokruta.com.ua/uploads/thumb/0/projects_gallery/310-Gostinnaya_001.jpg]
[sokruta.com.ua/uploads/thumb/0/projects_gallery/311-Gostinnaya_004.jpg]
[sokruta.com.ua/uploads/thumb/0/projects_gallery/297-BED_H_03.jpg]
[sokruta.com.ua/uploads/thumb/0/projects_gallery/298-BED_H_04.jpg]
[sokruta.com.ua/uploads/thumb/0/projects_gallery/299-Gostinnaya_002.jpg]
[sokruta.com.ua/uploads/thumb/0/projects_gallery/301-Gostinnaya_005.jpg]
[sokruta.com.ua/uploads/thumb/0/projects_gallery/302-Gostinnaya_007.jpg]
[sokruta.com.ua/uploads/thumb/0/projects_gallery/303-K_02.jpg]
[sokruta.com.ua/uploads/thumb/0/projects_gallery/304-K_03.jpg]
[sokruta.com.ua/uploads/thumb/0/projects_gallery/305-K_04.jpg]
[sokruta.com.ua/uploads/thumb/0/projects_gallery/306-Kabinet_001.jpg]
[sokruta.com.ua/uploads/thumb/0/projects_gallery/307-Kabinet_03.jpg]
[sokruta.com.ua/uploads/thumb/0/projects_gallery/308-Kabinet_04.jpg]
[sokruta.com.ua/en/projects/details/25.html]
[sokruta.com.ua/en/projects/25.html]
[sokruta.com.ua/uploads/thumb/0/projects_gallery/274-G_0012.jpg]
[sokruta.com.ua/uploads/thumb/0/projects_gallery/275-Bedroom_01.jpg]
[sokruta.com.ua/uploads/thumb/0/projects_gallery/276-Bedroom_03.jpg]
[sokruta.com.ua/uploads/thumb/0/projects_gallery/277-Bedroom_04.jpg]
[sokruta.com.ua/uploads/thumb/0/projects_gallery/278-G_0004.jpg]
[sokruta.com.ua/uploads/thumb/0/projects_gallery/279-G_0005.jpg]
[sokruta.com.ua/uploads/thumb/0/projects_gallery/280-G_0006.jpg]
[sokruta.com.ua/uploads/thumb/0/projects_gallery/281-G_0007.jpg]
[sokruta.com.ua/uploads/thumb/0/projects_gallery/285-G_0010.jpg]
[sokruta.com.ua/uploads/thumb/0/projects_gallery/286-G_0011.jpg]
[sokruta.com.ua/uploads/thumb/0/projects_gallery/287-G_0013.jpg]
[sokruta.com.ua/uploads/thumb/0/projects_gallery/288-G_0016.jpg]
[sokruta.com.ua/uploads/thumb/0/projects_gallery/289-WC_001.jpg]
[sokruta.com.ua/uploads/thumb/0/projects_gallery/290-WC_01.jpg]
[sokruta.com.ua/uploads/thumb/0/projects_gallery/291-WC_0002.jpg]
[sokruta.com.ua/uploads/thumb/0/projects_gallery/292-WC_002.jpg]
[sokruta.com.ua/en/projects/details/24.html]
[sokruta.com.ua/en/projects/24.html]
[sokruta.com.ua/uploads/thumb/0/projects_gallery/270-QQW_16.jpg]
[sokruta.com.ua/uploads/thumb/0/projects_gallery/271-QQW_01.jpg]
[sokruta.com.ua/uploads/thumb/0/projects_gallery/379-QQW_02.jpg]
[sokruta.com.ua/uploads/thumb/0/projects_gallery/273-QQW_06.jpg]
[sokruta.com.ua/uploads/thumb/0/projects_gallery/380-QQW_09.jpg]
[sokruta.com.ua/uploads/thumb/0/projects_gallery/381-QQW_15.jpg]
[sokruta.com.ua/uploads/thumb/0/projects_gallery/284-QQW_17.jpg]
[sokruta.com.ua/en/projects/23.html]
[sokruta.com.ua/en/projects/details/23.html]
[sokruta.com.ua/uploads/thumb/0/projects_gallery/252-K_006.jpg]
[sokruta.com.ua/uploads/thumb/0/projects_gallery/253-K_005.jpg]
[sokruta.com.ua/uploads/thumb/0/projects_gallery/254-K_004.jpg]
[sokruta.com.ua/uploads/thumb/0/projects_gallery/255-K_003.jpg]
[sokruta.com.ua/uploads/thumb/0/projects_gallery/256-K_002.jpg]
[sokruta.com.ua/uploads/thumb/0/projects_gallery/257-K_001.jpg]
[sokruta.com.ua/en/projects/details/22.html]
[sokruta.com.ua/en/projects/22.html]
[sokruta.com.ua/uploads/thumb/0/projects_gallery/251-QW_01.jpg]
[sokruta.com.ua/uploads/thumb/0/projects_gallery/258-QW_02.jpg]
[sokruta.com.ua/uploads/thumb/0/projects_gallery/259-QW_03.jpg]
[sokruta.com.ua/uploads/thumb/0/projects_gallery/260-QW_04.jpg]
[sokruta.com.ua/uploads/thumb/0/projects_gallery/261-QW_05.jpg]
[sokruta.com.ua/uploads/thumb/0/projects_gallery/262-QW_06.jpg]
[sokruta.com.ua/uploads/thumb/0/projects_gallery/263-QW_07.jpg]
[sokruta.com.ua/uploads/thumb/0/projects_gallery/264-QW_08.jpg]
[sokruta.com.ua/uploads/thumb/0/projects_gallery/265-QW_09.jpg]
[sokruta.com.ua/uploads/thumb/0/projects_gallery/266-QW_10.jpg]
[sokruta.com.ua/uploads/thumb/0/projects_gallery/267-QW_11.jpg]
[sokruta.com.ua/uploads/thumb/0/projects_gallery/268-QW_12.jpg]
[sokruta.com.ua/uploads/thumb/0/projects_gallery/269-QW_13.jpg]
[sokruta.com.ua/en/projects/details/21.html]
[sokruta.com.ua/en/projects/21.html]
[sokruta.com.ua/uploads/thumb/0/projects_gallery/411-14-11-20 059.jpg]
[sokruta.com.ua/uploads/thumb/0/projects_gallery/412-14-11-20 062.jpg]
[sokruta.com.ua/uploads/thumb/0/projects_gallery/413-14-11-20 049.jpg]
[sokruta.com.ua/uploads/thumb/0/projects_gallery/414-14-11-20 082-88.jpg]
[sokruta.com.ua/uploads/thumb/0/projects_gallery/415-14-11-20 105.jpg]
[sokruta.com.ua/uploads/thumb/0/projects_gallery/416-14-11-20 102.jpg]
[sokruta.com.ua/uploads/thumb/0/projects_gallery/417-14-11-20 099.jpg]
[sokruta.com.ua/uploads/thumb/0/projects_gallery/418-14-11-20 071.jpg]
[sokruta.com.ua/uploads/thumb/0/projects_gallery/420-fon.jpg]
[sokruta.com.ua/uploads/thumb/0/projects_gallery/421-fon2.jpg]
[sokruta.com.ua/uploads/thumb/0/projects_gallery/422-fon3.jpg]
[sokruta.com.ua/uploads/thumb/0/projects_gallery/423-fon4.jpg]
[sokruta.com.ua/en/projects/details/20.html]
[sokruta.com.ua/en/projects/20.html]
[sokruta.com.ua/uploads/thumb/0/projects_gallery/228-KV_009.jpg]
[sokruta.com.ua/uploads/thumb/0/projects_gallery/229-KV_007.jpg]
[sokruta.com.ua/uploads/thumb/0/projects_gallery/230-KV_002.jpg]
[sokruta.com.ua/uploads/thumb/0/projects_gallery/231-KV_001.jpg]
[sokruta.com.ua/uploads/thumb/0/projects_gallery/232-KV_006.jpg]
[sokruta.com.ua/uploads/thumb/0/projects_gallery/233-KV_005.jpg]
[sokruta.com.ua/uploads/thumb/0/projects_gallery/234-KV_004.jpg]
[sokruta.com.ua/uploads/thumb/0/projects_gallery/235-KV_003.jpg]
[sokruta.com.ua/uploads/thumb/0/projects_gallery/236-KV_008.jpg]
[sokruta.com.ua/uploads/thumb/0/projects_gallery/237-KV_010.jpg]
[sokruta.com.ua/uploads/thumb/0/projects_gallery/238-KV_011.jpg]
[sokruta.com.ua/uploads/thumb/0/projects_gallery/239-KV_012.jpg]
[sokruta.com.ua/en/projects/19.html]
[sokruta.com.ua/en/projects/details/19.html]
[sokruta.com.ua/uploads/thumb/0/projects_gallery/208-BG_02.jpg]
[sokruta.com.ua/uploads/thumb/0/projects_gallery/209-B_B_01.jpg]
[sokruta.com.ua/uploads/thumb/0/projects_gallery/210-B_B_02.jpg]
[sokruta.com.ua/uploads/thumb/0/projects_gallery/211-B_B_03.jpg]
[sokruta.com.ua/uploads/thumb/0/projects_gallery/212-B_B_04.jpg]
[sokruta.com.ua/uploads/thumb/0/projects_gallery/213-B_B_05.jpg]
[sokruta.com.ua/uploads/thumb/0/projects_gallery/214-B_B_06.jpg]
[sokruta.com.ua/uploads/thumb/0/projects_gallery/215-B_B_07.jpg]
[sokruta.com.ua/uploads/thumb/0/projects_gallery/216-B_B_08.jpg]
[sokruta.com.ua/uploads/thumb/0/projects_gallery/217-B_B_09.jpg]
[sokruta.com.ua/uploads/thumb/0/projects_gallery/218-B_B_10.jpg]
[sokruta.com.ua/uploads/thumb/0/projects_gallery/219-B_B_11.jpg]
[sokruta.com.ua/uploads/thumb/0/projects_gallery/220-BG_03.jpg]
[sokruta.com.ua/uploads/thumb/0/projects_gallery/221-BG_04.jpg]
[sokruta.com.ua/uploads/thumb/0/projects_gallery/222-BG_05.jpg]
[sokruta.com.ua/uploads/thumb/0/projects_gallery/223-BG_06.jpg]
[sokruta.com.ua/uploads/thumb/0/projects_gallery/224-BG_07.jpg]
[sokruta.com.ua/uploads/thumb/0/projects_gallery/225-BG_08.jpg]
[sokruta.com.ua/uploads/thumb/0/projects_gallery/226-BG_09.jpg]
[sokruta.com.ua/uploads/thumb/0/projects_gallery/227-BG_10.jpg]
[sokruta.com.ua/en/projects/details/18.html]
[sokruta.com.ua/en/projects/18.html]
[sokruta.com.ua/uploads/thumb/0/projects_gallery/205-01.jpg]
[sokruta.com.ua/uploads/thumb/0/projects_gallery/206-006.jpg]
[sokruta.com.ua/uploads/thumb/0/projects_gallery/187-002.jpg]
[sokruta.com.ua/uploads/thumb/0/projects_gallery/188-02.jpg]
[sokruta.com.ua/uploads/thumb/0/projects_gallery/189-003.jpg]
[sokruta.com.ua/uploads/thumb/0/projects_gallery/190-03.jpg]
[sokruta.com.ua/uploads/thumb/0/projects_gallery/207-02.jpg]
[sokruta.com.ua/uploads/thumb/0/projects_gallery/192-04.jpg]
[sokruta.com.ua/uploads/thumb/0/projects_gallery/194-022.jpg]
[sokruta.com.ua/uploads/thumb/0/projects_gallery/195-B_01.jpg]
[sokruta.com.ua/uploads/thumb/0/projects_gallery/196-B_03.jpg]
[sokruta.com.ua/uploads/thumb/0/projects_gallery/197-B_04.jpg]
[sokruta.com.ua/uploads/thumb/0/projects_gallery/198-B_06.jpg]
[sokruta.com.ua/uploads/thumb/0/projects_gallery/199-Holl_01.jpg]
[sokruta.com.ua/uploads/thumb/0/projects_gallery/202-Holl_04.jpg]
[sokruta.com.ua/uploads/thumb/0/projects_gallery/203-Holl_05.jpg]
[sokruta.com.ua/uploads/thumb/0/projects_gallery/204-Room_01.jpg]
[sokruta.com.ua/en/projects/17.html]
[sokruta.com.ua/en/projects/details/17.html]
[sokruta.com.ua/uploads/thumb/0/projects_gallery/165-G_01.jpg]
[sokruta.com.ua/uploads/thumb/0/projects_gallery/166-1-1.png]
[sokruta.com.ua/uploads/thumb/0/projects_gallery/167-G_02.jpg]
[sokruta.com.ua/uploads/thumb/0/projects_gallery/168-G_03.jpg]
[sokruta.com.ua/uploads/thumb/0/projects_gallery/169-G_04.jpg]
[sokruta.com.ua/uploads/thumb/0/projects_gallery/170-G_05.jpg]
[sokruta.com.ua/uploads/thumb/0/projects_gallery/171-gost_03.jpg]
[sokruta.com.ua/uploads/thumb/0/projects_gallery/172-gost_05.jpg]
[sokruta.com.ua/uploads/thumb/0/projects_gallery/173-Koridor_04.jpg]
[sokruta.com.ua/uploads/thumb/0/projects_gallery/174-Koridor_05.jpg]
[sokruta.com.ua/en/projects/details/15.html]
[sokruta.com.ua/en/projects/15.html]
[sokruta.com.ua/uploads/thumb/0/projects_gallery/424-14-10-31 062.jpg]
[sokruta.com.ua/uploads/thumb/0/projects_gallery/425-14-10-31 026.jpg]
[sokruta.com.ua/uploads/thumb/0/projects_gallery/426-14-10-31 029.jpg]
[sokruta.com.ua/uploads/thumb/0/projects_gallery/427-14-10-31 036.jpg]
[sokruta.com.ua/uploads/thumb/0/projects_gallery/428-14-10-31 043-48.jpg]
[sokruta.com.ua/uploads/thumb/0/projects_gallery/429-14-10-31 051.jpg]
[sokruta.com.ua/uploads/thumb/0/projects_gallery/430-14-10-31 055.jpg]
[sokruta.com.ua/uploads/thumb/0/projects_gallery/431-14-10-31 066.jpg]
[sokruta.com.ua/uploads/thumb/0/projects_gallery/432-14-10-31 070.jpg]
[sokruta.com.ua/uploads/thumb/0/projects_gallery/433-fons_1.jpg]
[sokruta.com.ua/uploads/thumb/0/projects_gallery/434-fons_2.jpg]
[sokruta.com.ua/en/projects/14.html]
[sokruta.com.ua/en/projects/details/14.html]
[sokruta.com.ua/uploads/thumb/0/projects_gallery/141-WC_02.jpg]
[sokruta.com.ua/uploads/thumb/0/projects_gallery/142-01.jpg]
[sokruta.com.ua/uploads/thumb/0/projects_gallery/143-02.jpg]
[sokruta.com.ua/uploads/thumb/0/projects_gallery/144-03.jpg]
[sokruta.com.ua/uploads/thumb/0/projects_gallery/145-04.jpg]
[sokruta.com.ua/uploads/thumb/0/projects_gallery/146-05.jpg]
[sokruta.com.ua/uploads/thumb/0/projects_gallery/147-06.jpg]
[sokruta.com.ua/uploads/thumb/0/projects_gallery/148-07.jpg]
[sokruta.com.ua/uploads/thumb/0/projects_gallery/149-WC_01.jpg]
[sokruta.com.ua/uploads/thumb/0/projects_gallery/150-WC_03.jpg]
[sokruta.com.ua/uploads/thumb/0/projects_gallery/151-WC_04.jpg]
[sokruta.com.ua/en/projects/details/12.html]
[sokruta.com.ua/en/projects/12.html]
[sokruta.com.ua/uploads/thumb/0/projects_gallery/116-01_Print.jpg]
[sokruta.com.ua/uploads/thumb/0/projects_gallery/117-02_Print.jpg]
[sokruta.com.ua/uploads/thumb/0/projects_gallery/118-2_Holl_01.jpg]
[sokruta.com.ua/uploads/thumb/0/projects_gallery/119-2_Holl_02.jpg]
[sokruta.com.ua/uploads/thumb/0/projects_gallery/120-2_Holl_03.jpg]
[sokruta.com.ua/uploads/thumb/0/projects_gallery/121-2_Holl_04.jpg]
[sokruta.com.ua/uploads/thumb/0/projects_gallery/122-2_Holl_05.jpg]
[sokruta.com.ua/uploads/thumb/0/projects_gallery/123-03_Print.jpg]
[sokruta.com.ua/en/projects/10.html]
[sokruta.com.ua/en/projects/details/10.html]
[sokruta.com.ua/uploads/thumb/0/projects_gallery/87-Gostinnaya_01.jpg]
[sokruta.com.ua/uploads/thumb/0/projects_gallery/89-Gostinnaya_03.jpg]
[sokruta.com.ua/uploads/thumb/0/projects_gallery/90-Gostinnaya_04.jpg]
[sokruta.com.ua/uploads/thumb/0/projects_gallery/91-Gostinnaya_05.jpg]
[sokruta.com.ua/uploads/thumb/0/projects_gallery/92-Gostinnaya_06.jpg]
[sokruta.com.ua/uploads/thumb/0/projects_gallery/93-Gostinnaya_08.jpg]
[sokruta.com.ua/uploads/thumb/0/projects_gallery/100-Gostinnaya 026_Jornal_S.jpg]
[sokruta.com.ua/uploads/thumb/0/projects_gallery/95-Gostinnaya_02.jpg]
[sokruta.com.ua/uploads/thumb/0/projects_gallery/96-Gostinnaya_03 (2).jpg]
[sokruta.com.ua/uploads/thumb/0/projects_gallery/97-76-Gostinnaya 026_Jornal_S.jpg]
[sokruta.com.ua/en/projects/details/7.html]
[sokruta.com.ua/en/projects/7.html]
[sokruta.com.ua/uploads/0/454-zakazat-dizayn-interyera-kvartir-kiev.jpg]
[sokruta.com.ua/uploads/thumb/0/blog_small/580-Image_1.jpg]
[sokruta.com.ua/uploads/thumb/0/blog_small/462-FB_2.jpg]
[sokruta.com.ua/en/blog/7.html]
[sokruta.com.ua/uploads/0/462-FB_2.jpg]
[sokruta.com.ua/en/blog/2.html]
[sokruta.com.ua/uploads/thumb/0/blog_small/454-zakazat-dizayn-interyera-kvartir-kiev.jpg]
[sokruta.com.ua/uploads/0/580-Image_1.jpg]
[sokruta.com.ua/uploads/0/62-1920x1080-2.jpg]
[sokruta.com.ua/uploads/0/63-1920x1080-3.jpg]
[sokruta.com.ua/uploads/0/581-Image_1.jpg]
[sokruta.com.ua/en/blog/1.html]
[sokruta.com.ua/projects/details/36.html]
[sokruta.com.ua/projects/36.html]
[sokruta.com.ua/projects/details/35.html]
[sokruta.com.ua/projects/35.html]
[sokruta.com.ua/projects/details/34.html]
[sokruta.com.ua/projects/34.html]
[sokruta.com.ua/projects/details/33.html]
[sokruta.com.ua/projects/33.html]
[sokruta.com.ua/projects/details/32.html]
[sokruta.com.ua/projects/32.html]
[sokruta.com.ua/projects/details/31.html]
[sokruta.com.ua/projects/31.html]
[sokruta.com.ua/projects/details/30.html]
[sokruta.com.ua/projects/30.html]
[sokruta.com.ua/projects/details/29.html]
[sokruta.com.ua/projects/29.html]
[sokruta.com.ua/projects/details/27.html]
[sokruta.com.ua/projects/27.html]
[sokruta.com.ua/projects/details/25.html]
[sokruta.com.ua/projects/25.html]
[sokruta.com.ua/projects/details/24.html]
[sokruta.com.ua/projects/24.html]
[sokruta.com.ua/projects/details/23.html]
[sokruta.com.ua/projects/23.html]
[sokruta.com.ua/projects/details/22.html]
[sokruta.com.ua/projects/22.html]
[sokruta.com.ua/projects/details/21.html]
[sokruta.com.ua/projects/21.html]
[sokruta.com.ua/projects/details/20.html]
[sokruta.com.ua/projects/20.html]
[sokruta.com.ua/projects/details/19.html]
[sokruta.com.ua/projects/19.html]
[sokruta.com.ua/projects/details/18.html]
[sokruta.com.ua/projects/18.html]
[sokruta.com.ua/projects/details/17.html]
[sokruta.com.ua/projects/17.html]
[sokruta.com.ua/projects/details/15.html]
[sokruta.com.ua/projects/15.html]
[sokruta.com.ua/projects/details/14.html]
[sokruta.com.ua/projects/14.html]
[sokruta.com.ua/projects/details/12.html]
[sokruta.com.ua/projects/12.html]
[sokruta.com.ua/projects/details/10.html]
[sokruta.com.ua/projects/10.html]
[sokruta.com.ua/projects/details/7.html]
[sokruta.com.ua/projects/7.html]
[sokruta.com.ua/blog/7.html]
[sokruta.com.ua/blog/2.html]
[sokruta.com.ua/blog/1.html]
[sokruta.com.ua/uploads/thumb/0/projects_first/563-11 (1).jpg]
[sokruta.com.ua/uploads/thumb/0/projects_big/564-1.jpg]
[sokruta.com.ua/uploads/thumb/0/projects_photo3/565-8.jpg]
[sokruta.com.ua/uploads/thumb/0/projects_photo4/566-7.jpg]
[sokruta.com.ua/uploads/thumb/0/projects_photo3/567-2.jpg]
[sokruta.com.ua/uploads/thumb/0/projects_small1/568-3.jpg]
[sokruta.com.ua/uploads/thumb/0/projects_small2/569-5.jpg]
[sokruta.com.ua/uploads/thumb/0/projects_small3/570-6.jpg]
[sokruta.com.ua/uploads/thumb/0/projects_big/571-9.jpg]
[sokruta.com.ua/en/projects/details/36.html]
[sokruta.com.ua/uploads/thumb/0/projects_first/548-U_02.jpg]
[sokruta.com.ua/uploads/thumb/0/projects_big/549-U_04.jpg]
[sokruta.com.ua/uploads/thumb/0/projects_photo3/550-U_05.jpg]
[sokruta.com.ua/uploads/thumb/0/projects_photo4/551-U_06.jpg]
[sokruta.com.ua/uploads/thumb/0/projects_photo3/552-U_08.jpg]
[sokruta.com.ua/uploads/thumb/0/projects_small1/553-U_09.jpg]
[sokruta.com.ua/uploads/thumb/0/projects_small2/554-U_10.jpg]
[sokruta.com.ua/uploads/thumb/0/projects_small3/555-U_19.jpg]
[sokruta.com.ua/uploads/thumb/0/projects_big/556-U_22.jpg]
[sokruta.com.ua/en/projects/details/35.html]
[sokruta.com.ua/uploads/thumb/0/projects_first/539-S_04.jpg]
[sokruta.com.ua/uploads/thumb/0/projects_big/540-S_02.jpg]
[sokruta.com.ua/uploads/thumb/0/projects_photo3/541-S_03.jpg]
[sokruta.com.ua/uploads/thumb/0/projects_photo4/542-S_05.jpg]
[sokruta.com.ua/uploads/thumb/0/projects_photo3/543-S_06.jpg]
[sokruta.com.ua/uploads/thumb/0/projects_small1/544-S_07.jpg]
[sokruta.com.ua/uploads/thumb/0/projects_small2/545-S_08.jpg]
[sokruta.com.ua/uploads/thumb/0/projects_small3/546-S_10.jpg]
[sokruta.com.ua/uploads/thumb/0/projects_big/547-S_13.jpg]
[sokruta.com.ua/en/projects/details/34.html]
[sokruta.com.ua/uploads/thumb/0/projects_first/531-R_01.jpg]
[sokruta.com.ua/uploads/thumb/0/projects_big/532-R_02.jpg]
[sokruta.com.ua/uploads/thumb/0/projects_photo3/533-R_03.jpg]
[sokruta.com.ua/uploads/thumb/0/projects_photo4/534-R_04.jpg]
[sokruta.com.ua/uploads/thumb/0/projects_photo3/535-R_05.jpg]
[sokruta.com.ua/uploads/thumb/0/projects_small1/536-R_06.jpg]
[sokruta.com.ua/uploads/thumb/0/projects_small2/537-R_07.jpg]
[sokruta.com.ua/uploads/thumb/0/projects_small3/538-R_08.jpg]
[sokruta.com.ua/en/projects/details/33.html]
[sokruta.com.ua/uploads/thumb/0/projects_first/514-01.jpg]
[sokruta.com.ua/uploads/thumb/0/projects_big/515-02.jpg]
[sokruta.com.ua/uploads/thumb/0/projects_photo3/516-03.jpg]
[sokruta.com.ua/uploads/thumb/0/projects_photo4/517-04.jpg]
[sokruta.com.ua/uploads/thumb/0/projects_photo3/518-05.jpg]
[sokruta.com.ua/uploads/thumb/0/projects_small1/519-06.jpg]
[sokruta.com.ua/uploads/thumb/0/projects_small2/520-07.jpg]
[sokruta.com.ua/uploads/thumb/0/projects_small3/521-08.jpg]
[sokruta.com.ua/uploads/thumb/0/projects_big/522-09.jpg]
[sokruta.com.ua/en/projects/details/32.html]
[sokruta.com.ua/uploads/thumb/0/projects_first/523-V_02.jpg]
[sokruta.com.ua/uploads/thumb/0/projects_big/524-V_03.jpg]
[sokruta.com.ua/uploads/thumb/0/projects_photo3/525-V_04.jpg]
[sokruta.com.ua/uploads/thumb/0/projects_photo4/526-V_05.jpg]
[sokruta.com.ua/uploads/thumb/0/projects_photo3/527-V_06.jpg]
[sokruta.com.ua/uploads/thumb/0/projects_small1/528-V_07.jpg]
[sokruta.com.ua/uploads/thumb/0/projects_small2/529-V_08.jpg]
[sokruta.com.ua/uploads/thumb/0/projects_small3/530-V_09.jpg]
[sokruta.com.ua/en/projects/details/31.html]
[sokruta.com.ua/uploads/thumb/0/projects_plan/467-022.jpg]
[sokruta.com.ua/uploads/thumb/0/projects_first/466-001.jpg]
[sokruta.com.ua/uploads/0/467-022.jpg]
[sokruta.com.ua/uploads/thumb/0/projects_big/468-002.jpg]
[sokruta.com.ua/uploads/thumb/0/projects_photo3/469-003.jpg]
[sokruta.com.ua/uploads/thumb/0/projects_photo4/470-004.jpg]
[sokruta.com.ua/uploads/thumb/0/projects_photo3/471-005.jpg]
[sokruta.com.ua/uploads/thumb/0/projects_small1/472-006.jpg]
[sokruta.com.ua/uploads/thumb/0/projects_small2/473-007.jpg]
[sokruta.com.ua/uploads/thumb/0/projects_small3/474-008.jpg]
[sokruta.com.ua/uploads/thumb/0/projects_big/475-009.jpg]
[sokruta.com.ua/en/projects/details/30.html]
[sokruta.com.ua/uploads/thumb/0/projects_plan/369-Oliva.gif]
[sokruta.com.ua/uploads/thumb/0/projects_first/439-14-04-23 134.jpg]
[sokruta.com.ua/uploads/0/369-Oliva.gif]
[sokruta.com.ua/uploads/thumb/0/projects_big/335-2.jpg]
[sokruta.com.ua/uploads/thumb/0/projects_photo3/436-14-04-23 113.jpg]
[sokruta.com.ua/uploads/thumb/0/projects_photo4/337-4.jpg]
[sokruta.com.ua/uploads/thumb/0/projects_photo3/338-5.jpg]
[sokruta.com.ua/uploads/thumb/0/projects_small1/437-14-04-23 062.jpg]
[sokruta.com.ua/uploads/thumb/0/projects_small2/340-7.jpg]
[sokruta.com.ua/uploads/thumb/0/projects_small3/341-8.jpg]
[sokruta.com.ua/uploads/thumb/0/projects_big/438-58.jpg]
[sokruta.com.ua/en/projects/details/29.html]
[sokruta.com.ua/uploads/thumb/0/projects_plan/371-white-space.gif]
[sokruta.com.ua/uploads/thumb/0/projects_first/319-0007.jpg]
[sokruta.com.ua/uploads/0/371-white-space.gif]
[sokruta.com.ua/uploads/thumb/0/projects_big/320-0001.jpg]
[sokruta.com.ua/uploads/thumb/0/projects_photo3/321-0002.jpg]
[sokruta.com.ua/uploads/thumb/0/projects_photo4/322-0003.jpg]
[sokruta.com.ua/uploads/thumb/0/projects_photo3/323-0004.jpg]
[sokruta.com.ua/uploads/thumb/0/projects_small1/324-0005.jpg]
[sokruta.com.ua/uploads/thumb/0/projects_small2/325-0006.jpg]
[sokruta.com.ua/uploads/thumb/0/projects_small3/326-0008.jpg]
[sokruta.com.ua/uploads/thumb/0/projects_big/327-0009.jpg]
[sokruta.com.ua/uploads/thumb/0/projects_big/328-00010.jpg]
[sokruta.com.ua/en/projects/details/27.html]
[sokruta.com.ua/uploads/thumb/0/projects_plan/368-long-House.gif]
[sokruta.com.ua/uploads/thumb/0/projects_first/293-Gostinnaya_009.jpg]
[sokruta.com.ua/uploads/0/368-long-House.gif]
[sokruta.com.ua/uploads/thumb/0/projects_big/294-BED_H_01.jpg]
[sokruta.com.ua/uploads/thumb/0/projects_photo3/295-K_01.jpg]
[sokruta.com.ua/uploads/thumb/0/projects_photo4/296-Gostinnaya_008.jpg]
[sokruta.com.ua/uploads/thumb/0/projects_small1/309-Gostinnaya_003.jpg]
[sokruta.com.ua/uploads/thumb/0/projects_small2/310-Gostinnaya_001.jpg]
[sokruta.com.ua/uploads/thumb/0/projects_small3/311-Gostinnaya_004.jpg]
[sokruta.com.ua/uploads/thumb/0/projects_big/297-BED_H_03.jpg]
[sokruta.com.ua/uploads/thumb/0/projects_big/298-BED_H_04.jpg]
[sokruta.com.ua/uploads/thumb/0/projects_big/299-Gostinnaya_002.jpg]
[sokruta.com.ua/uploads/thumb/0/projects_big/301-Gostinnaya_005.jpg]
[sokruta.com.ua/uploads/thumb/0/projects_big/302-Gostinnaya_007.jpg]
[sokruta.com.ua/uploads/thumb/0/projects_big/303-K_02.jpg]
[sokruta.com.ua/uploads/thumb/0/projects_big/304-K_03.jpg]
[sokruta.com.ua/uploads/thumb/0/projects_big/305-K_04.jpg]
[sokruta.com.ua/uploads/thumb/0/projects_big/306-Kabinet_001.jpg]
[sokruta.com.ua/uploads/thumb/0/projects_big/307-Kabinet_03.jpg]
[sokruta.com.ua/uploads/thumb/0/projects_big/308-Kabinet_04.jpg]
[sokruta.com.ua/en/projects/details/25.html]
[sokruta.com.ua/uploads/thumb/0/projects_plan/365-Karma.gif]
[sokruta.com.ua/uploads/thumb/0/projects_first/274-G_0012.jpg]
[sokruta.com.ua/uploads/0/365-Karma.gif]
[sokruta.com.ua/uploads/thumb/0/projects_big/275-Bedroom_01.jpg]
[sokruta.com.ua/uploads/thumb/0/projects_photo3/276-Bedroom_03.jpg]
[sokruta.com.ua/uploads/thumb/0/projects_photo4/277-Bedroom_04.jpg]
[sokruta.com.ua/uploads/thumb/0/projects_photo3/278-G_0004.jpg]
[sokruta.com.ua/uploads/thumb/0/projects_small1/279-G_0005.jpg]
[sokruta.com.ua/uploads/thumb/0/projects_small2/280-G_0006.jpg]
[sokruta.com.ua/uploads/thumb/0/projects_small3/281-G_0007.jpg]
[sokruta.com.ua/uploads/thumb/0/projects_big/285-G_0010.jpg]
[sokruta.com.ua/uploads/thumb/0/projects_big/286-G_0011.jpg]
[sokruta.com.ua/uploads/thumb/0/projects_big/287-G_0013.jpg]
[sokruta.com.ua/uploads/thumb/0/projects_big/288-G_0016.jpg]
[sokruta.com.ua/uploads/thumb/0/projects_big/289-WC_001.jpg]
[sokruta.com.ua/uploads/thumb/0/projects_big/290-WC_01.jpg]
[sokruta.com.ua/uploads/thumb/0/projects_big/291-WC_0002.jpg]
[sokruta.com.ua/uploads/thumb/0/projects_big/292-WC_002.jpg]
[sokruta.com.ua/en/projects/details/24.html]
[sokruta.com.ua/uploads/thumb/0/projects_plan/364-Lipinki.gif]
[sokruta.com.ua/uploads/thumb/0/projects_first/270-QQW_16.jpg]
[sokruta.com.ua/uploads/0/364-Lipinki.gif]
[sokruta.com.ua/uploads/thumb/0/projects_big/271-QQW_01.jpg]
[sokruta.com.ua/uploads/thumb/0/projects_photo3/379-QQW_02.jpg]
[sokruta.com.ua/uploads/thumb/0/projects_photo4/273-QQW_06.jpg]
[sokruta.com.ua/uploads/thumb/0/projects_photo3/380-QQW_09.jpg]
[sokruta.com.ua/uploads/thumb/0/projects_small1/381-QQW_15.jpg]
[sokruta.com.ua/uploads/thumb/0/projects_small2/284-QQW_17.jpg]
[sokruta.com.ua/en/projects/details/23.html]
[sokruta.com.ua/uploads/thumb/0/projects_plan/372-Guliver.gif]
[sokruta.com.ua/uploads/thumb/0/projects_first/252-K_006.jpg]
[sokruta.com.ua/uploads/0/372-Guliver.gif]
[sokruta.com.ua/uploads/thumb/0/projects_big/253-K_005.jpg]
[sokruta.com.ua/uploads/thumb/0/projects_photo3/254-K_004.jpg]
[sokruta.com.ua/uploads/thumb/0/projects_photo4/255-K_003.jpg]
[sokruta.com.ua/uploads/thumb/0/projects_photo3/256-K_002.jpg]
[sokruta.com.ua/uploads/thumb/0/projects_small1/257-K_001.jpg]
[sokruta.com.ua/en/projects/details/22.html]
[sokruta.com.ua/uploads/thumb/0/projects_plan/363-Crater.gif]
[sokruta.com.ua/uploads/thumb/0/projects_first/251-QW_01.jpg]
[sokruta.com.ua/uploads/0/363-Crater.gif]
[sokruta.com.ua/uploads/thumb/0/projects_big/258-QW_02.jpg]
[sokruta.com.ua/uploads/thumb/0/projects_photo3/259-QW_03.jpg]
[sokruta.com.ua/uploads/thumb/0/projects_photo4/260-QW_04.jpg]
[sokruta.com.ua/uploads/thumb/0/projects_photo3/261-QW_05.jpg]
[sokruta.com.ua/uploads/thumb/0/projects_small1/262-QW_06.jpg]
[sokruta.com.ua/uploads/thumb/0/projects_small2/263-QW_07.jpg]
[sokruta.com.ua/uploads/thumb/0/projects_small3/264-QW_08.jpg]
[sokruta.com.ua/uploads/thumb/0/projects_big/265-QW_09.jpg]
[sokruta.com.ua/uploads/thumb/0/projects_big/266-QW_10.jpg]
[sokruta.com.ua/uploads/thumb/0/projects_big/267-QW_11.jpg]
[sokruta.com.ua/uploads/thumb/0/projects_big/268-QW_12.jpg]
[sokruta.com.ua/uploads/thumb/0/projects_big/269-QW_13.jpg]
[sokruta.com.ua/en/projects/details/21.html]
[sokruta.com.ua/uploads/thumb/0/projects_plan/362-zeitgeist.gif]
[sokruta.com.ua/uploads/thumb/0/projects_first/411-14-11-20 059.jpg]
[sokruta.com.ua/uploads/0/362-zeitgeist.gif]
[sokruta.com.ua/uploads/thumb/0/projects_big/412-14-11-20 062.jpg]
[sokruta.com.ua/uploads/thumb/0/projects_photo3/413-14-11-20 049.jpg]
[sokruta.com.ua/uploads/thumb/0/projects_photo4/414-14-11-20 082-88.jpg]
[sokruta.com.ua/uploads/thumb/0/projects_photo3/415-14-11-20 105.jpg]
[sokruta.com.ua/uploads/thumb/0/projects_small1/416-14-11-20 102.jpg]
[sokruta.com.ua/uploads/thumb/0/projects_small2/417-14-11-20 099.jpg]
[sokruta.com.ua/uploads/thumb/0/projects_small3/418-14-11-20 071.jpg]
[sokruta.com.ua/uploads/thumb/0/projects_big/420-fon.jpg]
[sokruta.com.ua/uploads/thumb/0/projects_big/421-fon2.jpg]
[sokruta.com.ua/uploads/thumb/0/projects_big/422-fon3.jpg]
[sokruta.com.ua/uploads/thumb/0/projects_big/423-fon4.jpg]
[sokruta.com.ua/en/projects/details/20.html]
[sokruta.com.ua/uploads/thumb/0/projects_plan/359-Karina.gif]
[sokruta.com.ua/uploads/thumb/0/projects_first/228-KV_009.jpg]
[sokruta.com.ua/uploads/0/359-Karina.gif]
[sokruta.com.ua/uploads/thumb/0/projects_big/229-KV_007.jpg]
[sokruta.com.ua/uploads/thumb/0/projects_photo3/230-KV_002.jpg]
[sokruta.com.ua/uploads/thumb/0/projects_photo4/231-KV_001.jpg]
[sokruta.com.ua/uploads/thumb/0/projects_photo3/232-KV_006.jpg]
[sokruta.com.ua/uploads/thumb/0/projects_small1/233-KV_005.jpg]
[sokruta.com.ua/uploads/thumb/0/projects_small2/234-KV_004.jpg]
[sokruta.com.ua/uploads/thumb/0/projects_small3/235-KV_003.jpg]
[sokruta.com.ua/uploads/thumb/0/projects_big/236-KV_008.jpg]
[sokruta.com.ua/uploads/thumb/0/projects_big/237-KV_010.jpg]
[sokruta.com.ua/uploads/thumb/0/projects_big/238-KV_011.jpg]
[sokruta.com.ua/uploads/thumb/0/projects_big/239-KV_012.jpg]
[sokruta.com.ua/en/projects/details/19.html]
[sokruta.com.ua/uploads/thumb/0/projects_plan/357-apartment-in-Ivano-Frankivsk.gif]
[sokruta.com.ua/uploads/thumb/0/projects_first/208-BG_02.jpg]
[sokruta.com.ua/uploads/0/357-apartment-in-Ivano-Frankivsk.gif]
[sokruta.com.ua/uploads/thumb/0/projects_big/209-B_B_01.jpg]
[sokruta.com.ua/uploads/thumb/0/projects_photo3/210-B_B_02.jpg]
[sokruta.com.ua/uploads/thumb/0/projects_photo4/211-B_B_03.jpg]
[sokruta.com.ua/uploads/thumb/0/projects_photo3/212-B_B_04.jpg]
[sokruta.com.ua/uploads/thumb/0/projects_small1/213-B_B_05.jpg]
[sokruta.com.ua/uploads/thumb/0/projects_small2/214-B_B_06.jpg]
[sokruta.com.ua/uploads/thumb/0/projects_small3/215-B_B_07.jpg]
[sokruta.com.ua/uploads/thumb/0/projects_big/216-B_B_08.jpg]
[sokruta.com.ua/uploads/thumb/0/projects_big/217-B_B_09.jpg]
[sokruta.com.ua/uploads/thumb/0/projects_big/218-B_B_10.jpg]
[sokruta.com.ua/uploads/thumb/0/projects_big/219-B_B_11.jpg]
[sokruta.com.ua/uploads/thumb/0/projects_big/220-BG_03.jpg]
[sokruta.com.ua/uploads/thumb/0/projects_big/221-BG_04.jpg]
[sokruta.com.ua/uploads/thumb/0/projects_big/222-BG_05.jpg]
[sokruta.com.ua/uploads/thumb/0/projects_big/223-BG_06.jpg]
[sokruta.com.ua/uploads/thumb/0/projects_big/224-BG_07.jpg]
[sokruta.com.ua/uploads/thumb/0/projects_big/225-BG_08.jpg]
[sokruta.com.ua/uploads/thumb/0/projects_big/226-BG_09.jpg]
[sokruta.com.ua/uploads/thumb/0/projects_big/227-BG_10.jpg]
[sokruta.com.ua/en/projects/details/18.html]
[sokruta.com.ua/uploads/thumb/0/projects_plan/356-Panorama.gif]
[sokruta.com.ua/uploads/thumb/0/projects_first/205-01.jpg]
[sokruta.com.ua/uploads/0/356-Panorama.gif]
[sokruta.com.ua/uploads/thumb/0/projects_big/206-006.jpg]
[sokruta.com.ua/uploads/thumb/0/projects_photo3/187-002.jpg]
[sokruta.com.ua/uploads/thumb/0/projects_photo4/188-02.jpg]
[sokruta.com.ua/uploads/thumb/0/projects_photo3/189-003.jpg]
[sokruta.com.ua/uploads/thumb/0/projects_small1/190-03.jpg]
[sokruta.com.ua/uploads/thumb/0/projects_small2/207-02.jpg]
[sokruta.com.ua/uploads/thumb/0/projects_small3/192-04.jpg]
[sokruta.com.ua/uploads/thumb/0/projects_big/194-022.jpg]
[sokruta.com.ua/uploads/thumb/0/projects_big/195-B_01.jpg]
[sokruta.com.ua/uploads/thumb/0/projects_big/196-B_03.jpg]
[sokruta.com.ua/uploads/thumb/0/projects_big/197-B_04.jpg]
[sokruta.com.ua/uploads/thumb/0/projects_big/198-B_06.jpg]
[sokruta.com.ua/uploads/thumb/0/projects_big/199-Holl_01.jpg]
[sokruta.com.ua/uploads/thumb/0/projects_big/202-Holl_04.jpg]
[sokruta.com.ua/uploads/thumb/0/projects_big/203-Holl_05.jpg]
[sokruta.com.ua/uploads/thumb/0/projects_big/204-Room_01.jpg]
[sokruta.com.ua/en/projects/details/17.html]
[sokruta.com.ua/uploads/thumb/0/projects_plan/354-Blue-House.gif]
[sokruta.com.ua/uploads/thumb/0/projects_first/165-G_01.jpg]
[sokruta.com.ua/uploads/0/354-Blue-House.gif]
[sokruta.com.ua/uploads/thumb/0/projects_big/166-1-1.png]
[sokruta.com.ua/uploads/thumb/0/projects_photo3/167-G_02.jpg]
[sokruta.com.ua/uploads/thumb/0/projects_photo4/168-G_03.jpg]
[sokruta.com.ua/uploads/thumb/0/projects_photo3/169-G_04.jpg]
[sokruta.com.ua/uploads/thumb/0/projects_small1/170-G_05.jpg]
[sokruta.com.ua/uploads/thumb/0/projects_small2/171-gost_03.jpg]
[sokruta.com.ua/uploads/thumb/0/projects_small3/172-gost_05.jpg]
[sokruta.com.ua/uploads/thumb/0/projects_big/173-Koridor_04.jpg]
[sokruta.com.ua/uploads/thumb/0/projects_big/174-Koridor_05.jpg]
[sokruta.com.ua/en/projects/details/15.html]
[sokruta.com.ua/uploads/thumb/0/projects_plan/353-block-house.gif]
[sokruta.com.ua/uploads/thumb/0/projects_first/424-14-10-31 062.jpg]
[sokruta.com.ua/uploads/0/353-block-house.gif]
[sokruta.com.ua/uploads/thumb/0/projects_big/425-14-10-31 026.jpg]
[sokruta.com.ua/uploads/thumb/0/projects_photo3/426-14-10-31 029.jpg]
[sokruta.com.ua/uploads/thumb/0/projects_photo4/427-14-10-31 036.jpg]
[sokruta.com.ua/uploads/thumb/0/projects_photo3/428-14-10-31 043-48.jpg]
[sokruta.com.ua/uploads/thumb/0/projects_small1/429-14-10-31 051.jpg]
[sokruta.com.ua/uploads/thumb/0/projects_small2/430-14-10-31 055.jpg]
[sokruta.com.ua/uploads/thumb/0/projects_small3/431-14-10-31 066.jpg]
[sokruta.com.ua/uploads/thumb/0/projects_big/432-14-10-31 070.jpg]
[sokruta.com.ua/uploads/thumb/0/projects_big/433-fons_1.jpg]
[sokruta.com.ua/uploads/thumb/0/projects_big/434-fons_2.jpg]
[sokruta.com.ua/en/projects/details/14.html]
[sokruta.com.ua/uploads/thumb/0/projects_plan/348-minimalist-form.gif]
[sokruta.com.ua/uploads/thumb/0/projects_first/141-WC_02.jpg]
[sokruta.com.ua/uploads/0/348-minimalist-form.gif]
[sokruta.com.ua/uploads/thumb/0/projects_big/142-01.jpg]
[sokruta.com.ua/uploads/thumb/0/projects_photo3/143-02.jpg]
[sokruta.com.ua/uploads/thumb/0/projects_photo4/144-03.jpg]
[sokruta.com.ua/uploads/thumb/0/projects_photo3/145-04.jpg]
[sokruta.com.ua/uploads/thumb/0/projects_small1/146-05.jpg]
[sokruta.com.ua/uploads/thumb/0/projects_small2/147-06.jpg]
[sokruta.com.ua/uploads/thumb/0/projects_small3/148-07.jpg]
[sokruta.com.ua/uploads/thumb/0/projects_big/149-WC_01.jpg]
[sokruta.com.ua/uploads/thumb/0/projects_big/150-WC_03.jpg]
[sokruta.com.ua/uploads/thumb/0/projects_big/151-WC_04.jpg]
[sokruta.com.ua/en/projects/details/12.html]
[sokruta.com.ua/uploads/thumb/0/projects_plan/344-broken-stone.gif]
[sokruta.com.ua/uploads/thumb/0/projects_first/116-01_Print.jpg]
[sokruta.com.ua/uploads/0/344-broken-stone.gif]
[sokruta.com.ua/uploads/thumb/0/projects_big/117-02_Print.jpg]
[sokruta.com.ua/uploads/thumb/0/projects_photo3/118-2_Holl_01.jpg]
[sokruta.com.ua/uploads/thumb/0/projects_photo4/119-2_Holl_02.jpg]
[sokruta.com.ua/uploads/thumb/0/projects_photo3/120-2_Holl_03.jpg]
[sokruta.com.ua/uploads/thumb/0/projects_small1/121-2_Holl_04.jpg]
[sokruta.com.ua/uploads/thumb/0/projects_small2/122-2_Holl_05.jpg]
[sokruta.com.ua/uploads/thumb/0/projects_small3/123-03_Print.jpg]
[sokruta.com.ua/en/projects/details/10.html]
[sokruta.com.ua/uploads/thumb/0/projects_plan/88-ultramarine.jpg]
[sokruta.com.ua/uploads/thumb/0/projects_first/87-Gostinnaya_01.jpg]
[sokruta.com.ua/uploads/0/88-ultramarine.jpg]
[sokruta.com.ua/uploads/thumb/0/projects_big/89-Gostinnaya_03.jpg]
[sokruta.com.ua/uploads/thumb/0/projects_photo3/90-Gostinnaya_04.jpg]
[sokruta.com.ua/uploads/thumb/0/projects_photo4/91-Gostinnaya_05.jpg]
[sokruta.com.ua/uploads/thumb/0/projects_photo3/92-Gostinnaya_06.jpg]
[sokruta.com.ua/uploads/thumb/0/projects_small1/93-Gostinnaya_08.jpg]
[sokruta.com.ua/uploads/thumb/0/projects_small2/100-Gostinnaya 026_Jornal_S.jpg]
[sokruta.com.ua/uploads/thumb/0/projects_small3/95-Gostinnaya_02.jpg]
[sokruta.com.ua/uploads/thumb/0/projects_big/96-Gostinnaya_03 (2).jpg]
[sokruta.com.ua/uploads/thumb/0/projects_big/97-76-Gostinnaya 026_Jornal_S.jpg]
[sokruta.com.ua/en/projects/details/7.html]
[sokruta.com.ua/projects/details/36.html]
[sokruta.com.ua/projects/details/35.html]
[sokruta.com.ua/projects/details/34.html]
[sokruta.com.ua/projects/details/33.html]
[sokruta.com.ua/projects/details/32.html]
[sokruta.com.ua/projects/details/31.html]
[sokruta.com.ua/projects/details/30.html]
[sokruta.com.ua/projects/details/29.html]
[sokruta.com.ua/projects/details/27.html]
[sokruta.com.ua/projects/details/25.html]
[sokruta.com.ua/projects/details/24.html]
[sokruta.com.ua/projects/details/23.html]
[sokruta.com.ua/projects/details/22.html]
[sokruta.com.ua/projects/details/21.html]
[sokruta.com.ua/projects/details/20.html]
[sokruta.com.ua/projects/details/19.html]
[sokruta.com.ua/projects/details/18.html]
[sokruta.com.ua/projects/details/17.html]
[sokruta.com.ua/projects/details/15.html]
[sokruta.com.ua/projects/details/14.html]
[sokruta.com.ua/projects/details/12.html]
[sokruta.com.ua/projects/details/10.html]
[sokruta.com.ua/projects/details/7.html]
[sokruta.com.ua/uploads/thumb/0/projects_plan/562-.html]
[sokruta.com.ua/uploads/0/562-.html]
[sokruta.com.ua/uploads/thumb/0/projects_plan/477-.html]
[sokruta.com.ua/uploads/0/477-.html]
